../Core/Src/k_task.c:13:6:_nullTask	8	static
../Core/Src/k_task.c:19:6:_initDormantTask	24	static,ignoring_inline_asm
../Core/Src/k_task.c:38:10:_schedule	24	static
../Core/Src/k_task.c:57:6:_dispatch	16	static,ignoring_inline_asm
../Core/Src/k_task.c:69:13:addTask	24	static,ignoring_inline_asm
../Core/Src/k_task.c:75:13:enableIRQ	4	static,ignoring_inline_asm
../Core/Src/k_task.c:79:13:disableIRQ	4	static,ignoring_inline_asm
../Core/Src/k_task.c:84:6:k_helper_tick_all	16	static
../Core/Src/k_task.c:113:6:osKernelInit	32	static,ignoring_inline_asm
../Core/Src/k_task.c:148:5:osCreateTask	40	static,ignoring_inline_asm
../Core/Src/k_task.c:218:5:osKernelStart	16	static,ignoring_inline_asm
../Core/Src/k_task.c:239:6:osYield	16	static,ignoring_inline_asm
../Core/Src/k_task.c:248:5:osTaskInfo	16	static
../Core/Src/k_task.c:262:5:osTaskExit	16	static
../Core/Src/k_task.c:279:6:osSleep	24	static,ignoring_inline_asm
../Core/Src/k_task.c:291:6:osPeriodYield	16	static,ignoring_inline_asm
../Core/Src/k_task.c:299:5:osSetDeadline	16	static,ignoring_inline_asm
../Core/Src/k_task.c:329:5:osCreateDeadlineTask	24	static
